// Jest Snapshot v1, https://goo.gl/fbAQLP

exports[`MainPage has 2 buttons 1`] = `
<div
  className="MainPage"
>
  <header
    className="MainPage__header"
  >
    <img
      alt=""
      className="MainPage__logo"
      src=""
    />
    Budget
  </header>
  <button
    className="btn MainPage__btn"
    onClick={[Function]}
  >
    Manage Budgets
  </button>
  <button
    className="btn MainPage__btn"
    onClick={[Function]}
  >
    Add Expense
  </button>
</div>
`;
